Statement for BigCo
  Hamlet: $650.00 (55 seats)
  As You Like It: $580.00 (35 seats)
  Othello: $500.00 (40 seats)
Congrats!
You have been deducted of 150 credits and $15.00
Amount owed is $1,715.00
You earned 0 credits
